// Jest Snapshot v1, https://goo.gl/fbAQLP

exports[`Storyshots Advanced onGridLoaded Callback 1`] = `
<div>
  <div
    className="wrapper"
  >
    <button
      onClick={[Function]}
    >
      REFRESH
    </button>
    <div
      className="component"
    >
      <div
        className="isolayer isolayer--shadow"
        style={
          Object {
            "height": "500px",
            "width": "800px",
          }
        }
      >
        <ul
          className="grid"
        >
          <li
            className="grid__item"
          >
            <a
              className="grid__link"
              href={null}
              onClick={null}
              style={
                Object {
                  "height": "200px",
                  "transformStyle": "preserve-3d",
                  "width": "200px",
                }
              }
            >
              <div
                className="layer"
                style={
                  Object {
                    "backgroundColor": "#9eb5c2",
                    "height": "200px",
                    "width": "200px",
                  }
                }
              />
              <div
                className="layer"
                style={
                  Object {
                    "backgroundColor": "#c322a3",
                    "height": "200px",
                    "width": "200px",
                  }
                }
              />
              <div
                className="layer"
                style={
                  Object {
                    "backgroundColor": "#9972fc",
                    "height": "200px",
                    "width": "200px",
                  }
                }
              />
              <img
                alt=""
                className="grid__img layer"
                src="https://picsum.photos/100/100/?random"
                style={
                  Object {
                    "height": "200px",
                    "width": "200px",
                  }
                }
              />
            </a>
          </li>
          <li
            className="grid__item"
          >
            <a
              className="grid__link"
              href={null}
              onClick={null}
              style={
                Object {
                  "height": "200px",
                  "transformStyle": "preserve-3d",
                  "width": "200px",
                }
              }
            >
              <div
                className="layer"
                style={
                  Object {
                    "backgroundColor": "#9eb5c2",
                    "height": "200px",
                    "width": "200px",
                  }
                }
              />
              <div
                className="layer"
                style={
                  Object {
                    "backgroundColor": "#c322a3",
                    "height": "200px",
                    "width": "200px",
                  }
                }
              />
              <div
                className="layer"
                style={
                  Object {
                    "backgroundColor": "#9972fc",
                    "height": "200px",
                    "width": "200px",
                  }
                }
              />
              <img
                alt=""
                className="grid__img layer"
                src="https://picsum.photos/200/100/?random"
                style={
                  Object {
                    "height": "200px",
                    "width": "200px",
                  }
                }
              />
            </a>
          </li>
          <li
            className="grid__item"
          >
            <a
              className="grid__link"
              href={null}
              onClick={null}
              style={
                Object {
                  "height": "200px",
                  "transformStyle": "preserve-3d",
                  "width": "200px",
                }
              }
            >
              <div
                className="layer"
                style={
                  Object {
                    "backgroundColor": "#9eb5c2",
                    "height": "200px",
                    "width": "200px",
                  }
                }
              />
              <div
                className="layer"
                style={
                  Object {
                    "backgroundColor": "#c322a3",
                    "height": "200px",
                    "width": "200px",
                  }
                }
              />
              <div
                className="layer"
                style={
                  Object {
                    "backgroundColor": "#9972fc",
                    "height": "200px",
                    "width": "200px",
                  }
                }
              />
              <img
                alt=""
                className="grid__img layer"
                src="https://picsum.photos/300/200/?random"
                style={
                  Object {
                    "height": "200px",
                    "width": "200px",
                  }
                }
              />
            </a>
          </li>
          <li
            className="grid__item"
          >
            <a
              className="grid__link"
              href={null}
              onClick={null}
              style={
                Object {
                  "height": "200px",
                  "transformStyle": "preserve-3d",
                  "width": "200px",
                }
              }
            >
              <div
                className="layer"
                style={
                  Object {
                    "backgroundColor": "#9eb5c2",
                    "height": "200px",
                    "width": "200px",
                  }
                }
              />
              <div
                className="layer"
                style={
                  Object {
                    "backgroundColor": "#c322a3",
                    "height": "200px",
                    "width": "200px",
                  }
                }
              />
              <div
                className="layer"
                style={
                  Object {
                    "backgroundColor": "#9972fc",
                    "height": "200px",
                    "width": "200px",
                  }
                }
              />
              <img
                alt=""
                className="grid__img layer"
                src="https://picsum.photos/400/400/?random"
                style={
                  Object {
                    "height": "200px",
                    "width": "200px",
                  }
                }
              />
            </a>
          </li>
          <li
            className="grid__item"
          >
            <a
              className="grid__link"
              href={null}
              onClick={null}
              style={
                Object {
                  "height": "200px",
                  "transformStyle": "preserve-3d",
                  "width": "200px",
                }
              }
            >
              <div
                className="layer"
                style={
                  Object {
                    "backgroundColor": "#9eb5c2",
                    "height": "200px",
                    "width": "200px",
                  }
                }
              />
              <div
                className="layer"
                style={
                  Object {
                    "backgroundColor": "#c322a3",
                    "height": "200px",
                    "width": "200px",
                  }
                }
              />
              <div
                className="layer"
                style={
                  Object {
                    "backgroundColor": "#9972fc",
                    "height": "200px",
                    "width": "200px",
                  }
                }
              />
              <img
                alt=""
                className="grid__img layer"
                src="https://picsum.photos/500/300/?random"
                style={
                  Object {
                    "height": "200px",
                    "width": "200px",
                  }
                }
              />
            </a>
          </li>
          <li
            className="grid__item"
          >
            <a
              className="grid__link"
              href={null}
              onClick={null}
              style={
                Object {
                  "height": "200px",
                  "transformStyle": "preserve-3d",
                  "width": "200px",
                }
              }
            >
              <div
                className="layer"
                style={
                  Object {
                    "backgroundColor": "#9eb5c2",
                    "height": "200px",
                    "width": "200px",
                  }
                }
              />
              <div
                className="layer"
                style={
                  Object {
                    "backgroundColor": "#c322a3",
                    "height": "200px",
                    "width": "200px",
                  }
                }
              />
              <div
                className="layer"
                style={
                  Object {
                    "backgroundColor": "#9972fc",
                    "height": "200px",
                    "width": "200px",
                  }
                }
              />
              <img
                alt=""
                className="grid__img layer"
                src="https://picsum.photos/700/500/?random"
                style={
                  Object {
                    "height": "200px",
                    "width": "200px",
                  }
                }
              />
            </a>
          </li>
          <li
            className="grid__item"
          >
            <a
              className="grid__link"
              href={null}
              onClick={null}
              style={
                Object {
                  "height": "200px",
                  "transformStyle": "preserve-3d",
                  "width": "200px",
                }
              }
            >
              <div
                className="layer"
                style={
                  Object {
                    "backgroundColor": "#9eb5c2",
                    "height": "200px",
                    "width": "200px",
                  }
                }
              />
              <div
                className="layer"
                style={
                  Object {
                    "backgroundColor": "#c322a3",
                    "height": "200px",
                    "width": "200px",
                  }
                }
              />
              <div
                className="layer"
                style={
                  Object {
                    "backgroundColor": "#9972fc",
                    "height": "200px",
                    "width": "200px",
                  }
                }
              />
              <img
                alt=""
                className="grid__img layer"
                src="https://picsum.photos/800/400/?random"
                style={
                  Object {
                    "height": "200px",
                    "width": "200px",
                  }
                }
              />
            </a>
          </li>
          <li
            className="grid__item"
          >
            <a
              className="grid__link"
              href={null}
              onClick={null}
              style={
                Object {
                  "height": "200px",
                  "transformStyle": "preserve-3d",
                  "width": "200px",
                }
              }
            >
              <div
                className="layer"
                style={
                  Object {
                    "backgroundColor": "#9eb5c2",
                    "height": "200px",
                    "width": "200px",
                  }
                }
              />
              <div
                className="layer"
                style={
                  Object {
                    "backgroundColor": "#c322a3",
                    "height": "200px",
                    "width": "200px",
                  }
                }
              />
              <div
                className="layer"
                style={
                  Object {
                    "backgroundColor": "#9972fc",
                    "height": "200px",
                    "width": "200px",
                  }
                }
              />
              <img
                alt=""
                className="grid__img layer"
                src="https://picsum.photos/100/100/?random"
                style={
                  Object {
                    "height": "200px",
                    "width": "200px",
                  }
                }
              />
            </a>
          </li>
          <li
            className="grid__item"
          >
            <a
              className="grid__link"
              href={null}
              onClick={null}
              style={
                Object {
                  "height": "200px",
                  "transformStyle": "preserve-3d",
                  "width": "200px",
                }
              }
            >
              <div
                className="layer"
                style={
                  Object {
                    "backgroundColor": "#9eb5c2",
                    "height": "200px",
                    "width": "200px",
                  }
                }
              />
              <div
                className="layer"
                style={
                  Object {
                    "backgroundColor": "#c322a3",
                    "height": "200px",
                    "width": "200px",
                  }
                }
              />
              <div
                className="layer"
                style={
                  Object {
                    "backgroundColor": "#9972fc",
                    "height": "200px",
                    "width": "200px",
                  }
                }
              />
              <img
                alt=""
                className="grid__img layer"
                src="https://picsum.photos/200/100/?random"
                style={
                  Object {
                    "height": "200px",
                    "width": "200px",
                  }
                }
              />
            </a>
          </li>
        </ul>
      </div>
    </div>
  </div>
  <br />
  <form
    action="https://codesandbox.io/api/v1/sandboxes/define"
    id="codesandbox-form"
    method="POST"
  >
    <input
      id="codesandbox-parameters"
      name="parameters"
      type="hidden"
    />
  </form>
  <button
    className="sandboxButton"
    onClick={[Function]}
  >
    PLAY WITH THIS CODE →
  </button>
  <a
    className="sourceLink"
    href="https://github.com/wuweiweiwu/react-isometric-grid/blob/master/examples/storybooks/loaded-callback.js"
    rel="noopener noreferrer"
    target="_top"
  >
    VIEW SOURCE →
  </a>
</div>
`;

exports[`Storyshots Basics Basic Stack 1`] = `
<div>
  <div
    className="isolayer isolayer--shadow"
    style={
      Object {
        "height": "500px",
        "width": "800px",
      }
    }
  >
    <ul
      className="grid"
    >
      <li
        className="grid__item"
      >
        <a
          className="grid__link"
          href={null}
          onClick={null}
          style={
            Object {
              "height": "200px",
              "transformStyle": "preserve-3d",
              "width": "200px",
            }
          }
        >
          <div
            className="layer"
            style={
              Object {
                "backgroundColor": "#9eb5c2",
                "height": "200px",
                "width": "200px",
              }
            }
          />
          <div
            className="layer"
            style={
              Object {
                "backgroundColor": "#c322a3",
                "height": "200px",
                "width": "200px",
              }
            }
          />
          <div
            className="layer"
            style={
              Object {
                "backgroundColor": "#9972fc",
                "height": "200px",
                "width": "200px",
              }
            }
          />
          <img
            alt=""
            className="grid__img layer"
            src="https://picsum.photos/100/100/?random"
            style={
              Object {
                "height": "200px",
                "width": "200px",
              }
            }
          />
        </a>
      </li>
      <li
        className="grid__item"
      >
        <a
          className="grid__link"
          href={null}
          onClick={null}
          style={
            Object {
              "height": "200px",
              "transformStyle": "preserve-3d",
              "width": "200px",
            }
          }
        >
          <div
            className="layer"
            style={
              Object {
                "backgroundColor": "#9eb5c2",
                "height": "200px",
                "width": "200px",
              }
            }
          />
          <div
            className="layer"
            style={
              Object {
                "backgroundColor": "#c322a3",
                "height": "200px",
                "width": "200px",
              }
            }
          />
          <div
            className="layer"
            style={
              Object {
                "backgroundColor": "#9972fc",
                "height": "200px",
                "width": "200px",
              }
            }
          />
          <img
            alt=""
            className="grid__img layer"
            src="https://picsum.photos/200/100/?random"
            style={
              Object {
                "height": "200px",
                "width": "200px",
              }
            }
          />
        </a>
      </li>
      <li
        className="grid__item"
      >
        <a
          className="grid__link"
          href={null}
          onClick={null}
          style={
            Object {
              "height": "200px",
              "transformStyle": "preserve-3d",
              "width": "200px",
            }
          }
        >
          <div
            className="layer"
            style={
              Object {
                "backgroundColor": "#9eb5c2",
                "height": "200px",
                "width": "200px",
              }
            }
          />
          <div
            className="layer"
            style={
              Object {
                "backgroundColor": "#c322a3",
                "height": "200px",
                "width": "200px",
              }
            }
          />
          <div
            className="layer"
            style={
              Object {
                "backgroundColor": "#9972fc",
                "height": "200px",
                "width": "200px",
              }
            }
          />
          <img
            alt=""
            className="grid__img layer"
            src="https://picsum.photos/300/200/?random"
            style={
              Object {
                "height": "200px",
                "width": "200px",
              }
            }
          />
        </a>
      </li>
      <li
        className="grid__item"
      >
        <a
          className="grid__link"
          href={null}
          onClick={null}
          style={
            Object {
              "height": "200px",
              "transformStyle": "preserve-3d",
              "width": "200px",
            }
          }
        >
          <div
            className="layer"
            style={
              Object {
                "backgroundColor": "#9eb5c2",
                "height": "200px",
                "width": "200px",
              }
            }
          />
          <div
            className="layer"
            style={
              Object {
                "backgroundColor": "#c322a3",
                "height": "200px",
                "width": "200px",
              }
            }
          />
          <div
            className="layer"
            style={
              Object {
                "backgroundColor": "#9972fc",
                "height": "200px",
                "width": "200px",
              }
            }
          />
          <img
            alt=""
            className="grid__img layer"
            src="https://picsum.photos/400/400/?random"
            style={
              Object {
                "height": "200px",
                "width": "200px",
              }
            }
          />
        </a>
      </li>
      <li
        className="grid__item"
      >
        <a
          className="grid__link"
          href={null}
          onClick={null}
          style={
            Object {
              "height": "200px",
              "transformStyle": "preserve-3d",
              "width": "200px",
            }
          }
        >
          <div
            className="layer"
            style={
              Object {
                "backgroundColor": "#9eb5c2",
                "height": "200px",
                "width": "200px",
              }
            }
          />
          <div
            className="layer"
            style={
              Object {
                "backgroundColor": "#c322a3",
                "height": "200px",
                "width": "200px",
              }
            }
          />
          <div
            className="layer"
            style={
              Object {
                "backgroundColor": "#9972fc",
                "height": "200px",
                "width": "200px",
              }
            }
          />
          <img
            alt=""
            className="grid__img layer"
            src="https://picsum.photos/500/300/?random"
            style={
              Object {
                "height": "200px",
                "width": "200px",
              }
            }
          />
        </a>
      </li>
      <li
        className="grid__item"
      >
        <a
          className="grid__link"
          href={null}
          onClick={null}
          style={
            Object {
              "height": "200px",
              "transformStyle": "preserve-3d",
              "width": "200px",
            }
          }
        >
          <div
            className="layer"
            style={
              Object {
                "backgroundColor": "#9eb5c2",
                "height": "200px",
                "width": "200px",
              }
            }
          />
          <div
            className="layer"
            style={
              Object {
                "backgroundColor": "#c322a3",
                "height": "200px",
                "width": "200px",
              }
            }
          />
          <div
            className="layer"
            style={
              Object {
                "backgroundColor": "#9972fc",
                "height": "200px",
                "width": "200px",
              }
            }
          />
          <img
            alt=""
            className="grid__img layer"
            src="https://picsum.photos/700/500/?random"
            style={
              Object {
                "height": "200px",
                "width": "200px",
              }
            }
          />
        </a>
      </li>
      <li
        className="grid__item"
      >
        <a
          className="grid__link"
          href={null}
          onClick={null}
          style={
            Object {
              "height": "200px",
              "transformStyle": "preserve-3d",
              "width": "200px",
            }
          }
        >
          <div
            className="layer"
            style={
              Object {
                "backgroundColor": "#9eb5c2",
                "height": "200px",
                "width": "200px",
              }
            }
          />
          <div
            className="layer"
            style={
              Object {
                "backgroundColor": "#c322a3",
                "height": "200px",
                "width": "200px",
              }
            }
          />
          <div
            className="layer"
            style={
              Object {
                "backgroundColor": "#9972fc",
                "height": "200px",
                "width": "200px",
              }
            }
          />
          <img
            alt=""
            className="grid__img layer"
            src="https://picsum.photos/800/400/?random"
            style={
              Object {
                "height": "200px",
                "width": "200px",
              }
            }
          />
        </a>
      </li>
      <li
        className="grid__item"
      >
        <a
          className="grid__link"
          href={null}
          onClick={null}
          style={
            Object {
              "height": "200px",
              "transformStyle": "preserve-3d",
              "width": "200px",
            }
          }
        >
          <div
            className="layer"
            style={
              Object {
                "backgroundColor": "#9eb5c2",
                "height": "200px",
                "width": "200px",
              }
            }
          />
          <div
            className="layer"
            style={
              Object {
                "backgroundColor": "#c322a3",
                "height": "200px",
                "width": "200px",
              }
            }
          />
          <div
            className="layer"
            style={
              Object {
                "backgroundColor": "#9972fc",
                "height": "200px",
                "width": "200px",
              }
            }
          />
          <img
            alt=""
            className="grid__img layer"
            src="https://picsum.photos/100/100/?random"
            style={
              Object {
                "height": "200px",
                "width": "200px",
              }
            }
          />
        </a>
      </li>
      <li
        className="grid__item"
      >
        <a
          className="grid__link"
          href={null}
          onClick={null}
          style={
            Object {
              "height": "200px",
              "transformStyle": "preserve-3d",
              "width": "200px",
            }
          }
        >
          <div
            className="layer"
            style={
              Object {
                "backgroundColor": "#9eb5c2",
                "height": "200px",
                "width": "200px",
              }
            }
          />
          <div
            className="layer"
            style={
              Object {
                "backgroundColor": "#c322a3",
                "height": "200px",
                "width": "200px",
              }
            }
          />
          <div
            className="layer"
            style={
              Object {
                "backgroundColor": "#9972fc",
                "height": "200px",
                "width": "200px",
              }
            }
          />
          <img
            alt=""
            className="grid__img layer"
            src="https://picsum.photos/200/100/?random"
            style={
              Object {
                "height": "200px",
                "width": "200px",
              }
            }
          />
        </a>
      </li>
    </ul>
  </div>
  <br />
  <form
    action="https://codesandbox.io/api/v1/sandboxes/define"
    id="codesandbox-form"
    method="POST"
  >
    <input
      id="codesandbox-parameters"
      name="parameters"
      type="hidden"
    />
  </form>
  <button
    className="sandboxButton"
    onClick={[Function]}
  >
    PLAY WITH THIS CODE →
  </button>
  <a
    className="sourceLink"
    href="https://github.com/wuweiweiwu/react-isometric-grid/blob/master/examples/storybooks/basic-stack.js"
    rel="noopener noreferrer"
    target="_top"
  >
    VIEW SOURCE →
  </a>
</div>
`;

exports[`Storyshots Basics Basic Stack with Title 1`] = `
<div>
  <div
    className="isolayer isolayer--shadow"
    style={
      Object {
        "height": "500px",
        "width": "800px",
      }
    }
  >
    <ul
      className="grid"
    >
      <li
        className="grid__item"
      >
        <a
          className="grid__link"
          href={null}
          onClick={null}
          style={
            Object {
              "height": "200px",
              "transformStyle": "preserve-3d",
              "width": "200px",
            }
          }
        >
          <div
            className="layer"
            style={
              Object {
                "backgroundColor": "#9eb5c2",
                "height": "200px",
                "width": "200px",
              }
            }
          />
          <div
            className="layer"
            style={
              Object {
                "backgroundColor": "#c322a3",
                "height": "200px",
                "width": "200px",
              }
            }
          />
          <div
            className="layer"
            style={
              Object {
                "backgroundColor": "#9972fc",
                "height": "200px",
                "width": "200px",
              }
            }
          />
          <img
            alt=""
            className="grid__img layer"
            src="https://picsum.photos/100/100/?random"
            style={
              Object {
                "height": "200px",
                "width": "200px",
              }
            }
          />
          <span
            className="grid__title"
          >
            RANDOM TITLE
          </span>
        </a>
      </li>
      <li
        className="grid__item"
      >
        <a
          className="grid__link"
          href={null}
          onClick={null}
          style={
            Object {
              "height": "200px",
              "transformStyle": "preserve-3d",
              "width": "200px",
            }
          }
        >
          <div
            className="layer"
            style={
              Object {
                "backgroundColor": "#9eb5c2",
                "height": "200px",
                "width": "200px",
              }
            }
          />
          <div
            className="layer"
            style={
              Object {
                "backgroundColor": "#c322a3",
                "height": "200px",
                "width": "200px",
              }
            }
          />
          <div
            className="layer"
            style={
              Object {
                "backgroundColor": "#9972fc",
                "height": "200px",
                "width": "200px",
              }
            }
          />
          <img
            alt=""
            className="grid__img layer"
            src="https://picsum.photos/200/100/?random"
            style={
              Object {
                "height": "200px",
                "width": "200px",
              }
            }
          />
          <span
            className="grid__title"
          >
            RANDOM TITLE
          </span>
        </a>
      </li>
      <li
        className="grid__item"
      >
        <a
          className="grid__link"
          href={null}
          onClick={null}
          style={
            Object {
              "height": "200px",
              "transformStyle": "preserve-3d",
              "width": "200px",
            }
          }
        >
          <div
            className="layer"
            style={
              Object {
                "backgroundColor": "#9eb5c2",
                "height": "200px",
                "width": "200px",
              }
            }
          />
          <div
            className="layer"
            style={
              Object {
                "backgroundColor": "#c322a3",
                "height": "200px",
                "width": "200px",
              }
            }
          />
          <div
            className="layer"
            style={
              Object {
                "backgroundColor": "#9972fc",
                "height": "200px",
                "width": "200px",
              }
            }
          />
          <img
            alt=""
            className="grid__img layer"
            src="https://picsum.photos/300/200/?random"
            style={
              Object {
                "height": "200px",
                "width": "200px",
              }
            }
          />
          <span
            className="grid__title"
          >
            RANDOM TITLE
          </span>
        </a>
      </li>
      <li
        className="grid__item"
      >
        <a
          className="grid__link"
          href={null}
          onClick={null}
          style={
            Object {
              "height": "200px",
              "transformStyle": "preserve-3d",
              "width": "200px",
            }
          }
        >
          <div
            className="layer"
            style={
              Object {
                "backgroundColor": "#9eb5c2",
                "height": "200px",
                "width": "200px",
              }
            }
          />
          <div
            className="layer"
            style={
              Object {
                "backgroundColor": "#c322a3",
                "height": "200px",
                "width": "200px",
              }
            }
          />
          <div
            className="layer"
            style={
              Object {
                "backgroundColor": "#9972fc",
                "height": "200px",
                "width": "200px",
              }
            }
          />
          <img
            alt=""
            className="grid__img layer"
            src="https://picsum.photos/400/400/?random"
            style={
              Object {
                "height": "200px",
                "width": "200px",
              }
            }
          />
          <span
            className="grid__title"
          >
            RANDOM TITLE
          </span>
        </a>
      </li>
      <li
        className="grid__item"
      >
        <a
          className="grid__link"
          href={null}
          onClick={null}
          style={
            Object {
              "height": "200px",
              "transformStyle": "preserve-3d",
              "width": "200px",
            }
          }
        >
          <div
            className="layer"
            style={
              Object {
                "backgroundColor": "#9eb5c2",
                "height": "200px",
                "width": "200px",
              }
            }
          />
          <div
            className="layer"
            style={
              Object {
                "backgroundColor": "#c322a3",
                "height": "200px",
                "width": "200px",
              }
            }
          />
          <div
            className="layer"
            style={
              Object {
                "backgroundColor": "#9972fc",
                "height": "200px",
                "width": "200px",
              }
            }
          />
          <img
            alt=""
            className="grid__img layer"
            src="https://picsum.photos/500/300/?random"
            style={
              Object {
                "height": "200px",
                "width": "200px",
              }
            }
          />
          <span
            className="grid__title"
          >
            RANDOM TITLE
          </span>
        </a>
      </li>
      <li
        className="grid__item"
      >
        <a
          className="grid__link"
          href={null}
          onClick={null}
          style={
            Object {
              "height": "200px",
              "transformStyle": "preserve-3d",
              "width": "200px",
            }
          }
        >
          <div
            className="layer"
            style={
              Object {
                "backgroundColor": "#9eb5c2",
                "height": "200px",
                "width": "200px",
              }
            }
          />
          <div
            className="layer"
            style={
              Object {
                "backgroundColor": "#c322a3",
                "height": "200px",
                "width": "200px",
              }
            }
          />
          <div
            className="layer"
            style={
              Object {
                "backgroundColor": "#9972fc",
                "height": "200px",
                "width": "200px",
              }
            }
          />
          <img
            alt=""
            className="grid__img layer"
            src="https://picsum.photos/700/500/?random"
            style={
              Object {
                "height": "200px",
                "width": "200px",
              }
            }
          />
          <span
            className="grid__title"
          >
            RANDOM TITLE
          </span>
        </a>
      </li>
      <li
        className="grid__item"
      >
        <a
          className="grid__link"
          href={null}
          onClick={null}
          style={
            Object {
              "height": "200px",
              "transformStyle": "preserve-3d",
              "width": "200px",
            }
          }
        >
          <div
            className="layer"
            style={
              Object {
                "backgroundColor": "#9eb5c2",
                "height": "200px",
                "width": "200px",
              }
            }
          />
          <div
            className="layer"
            style={
              Object {
                "backgroundColor": "#c322a3",
                "height": "200px",
                "width": "200px",
              }
            }
          />
          <div
            className="layer"
            style={
              Object {
                "backgroundColor": "#9972fc",
                "height": "200px",
                "width": "200px",
              }
            }
          />
          <img
            alt=""
            className="grid__img layer"
            src="https://picsum.photos/800/400/?random"
            style={
              Object {
                "height": "200px",
                "width": "200px",
              }
            }
          />
          <span
            className="grid__title"
          >
            RANDOM TITLE
          </span>
        </a>
      </li>
      <li
        className="grid__item"
      >
        <a
          className="grid__link"
          href={null}
          onClick={null}
          style={
            Object {
              "height": "200px",
              "transformStyle": "preserve-3d",
              "width": "200px",
            }
          }
        >
          <div
            className="layer"
            style={
              Object {
                "backgroundColor": "#9eb5c2",
                "height": "200px",
                "width": "200px",
              }
            }
          />
          <div
            className="layer"
            style={
              Object {
                "backgroundColor": "#c322a3",
                "height": "200px",
                "width": "200px",
              }
            }
          />
          <div
            className="layer"
            style={
              Object {
                "backgroundColor": "#9972fc",
                "height": "200px",
                "width": "200px",
              }
            }
          />
          <img
            alt=""
            className="grid__img layer"
            src="https://picsum.photos/100/100/?random"
            style={
              Object {
                "height": "200px",
                "width": "200px",
              }
            }
          />
          <span
            className="grid__title"
          >
            RANDOM TITLE
          </span>
        </a>
      </li>
      <li
        className="grid__item"
      >
        <a
          className="grid__link"
          href={null}
          onClick={null}
          style={
            Object {
              "height": "200px",
              "transformStyle": "preserve-3d",
              "width": "200px",
            }
          }
        >
          <div
            className="layer"
            style={
              Object {
                "backgroundColor": "#9eb5c2",
                "height": "200px",
                "width": "200px",
              }
            }
          />
          <div
            className="layer"
            style={
              Object {
                "backgroundColor": "#c322a3",
                "height": "200px",
                "width": "200px",
              }
            }
          />
          <div
            className="layer"
            style={
              Object {
                "backgroundColor": "#9972fc",
                "height": "200px",
                "width": "200px",
              }
            }
          />
          <img
            alt=""
            className="grid__img layer"
            src="https://picsum.photos/200/100/?random"
            style={
              Object {
                "height": "200px",
                "width": "200px",
              }
            }
          />
          <span
            className="grid__title"
          >
            RANDOM TITLE
          </span>
        </a>
      </li>
    </ul>
  </div>
  <br />
  <form
    action="https://codesandbox.io/api/v1/sandboxes/define"
    id="codesandbox-form"
    method="POST"
  >
    <input
      id="codesandbox-parameters"
      name="parameters"
      type="hidden"
    />
  </form>
  <button
    className="sandboxButton"
    onClick={[Function]}
  >
    PLAY WITH THIS CODE →
  </button>
  <a
    className="sourceLink"
    href="https://github.com/wuweiweiwu/react-isometric-grid/blob/master/examples/storybooks/basic-stack-with-title.js"
    rel="noopener noreferrer"
    target="_top"
  >
    VIEW SOURCE →
  </a>
</div>
`;

exports[`Storyshots Basics Side Stack 1`] = `
<div>
  <div
    className="isolayer"
    style={
      Object {
        "height": "500px",
        "width": "800px",
      }
    }
  >
    <ul
      className="grid"
    >
      <li
        className="grid__item"
      >
        <a
          className="grid__link"
          href={null}
          onClick={null}
          style={
            Object {
              "height": "200px",
              "transformStyle": "preserve-3d",
              "width": "200px",
            }
          }
        >
          <div
            className="layer"
            style={
              Object {
                "backgroundColor": "#9eb5c2",
                "height": "200px",
                "transformOrigin": "50% 100%",
                "width": "200px",
              }
            }
          />
          <div
            className="layer"
            style={
              Object {
                "backgroundColor": "#c322a3",
                "height": "200px",
                "transformOrigin": "50% 100%",
                "width": "200px",
              }
            }
          />
          <div
            className="layer"
            style={
              Object {
                "backgroundColor": "#9972fc",
                "height": "200px",
                "transformOrigin": "50% 100%",
                "width": "200px",
              }
            }
          />
          <img
            alt=""
            className="grid__img layer"
            src="https://picsum.photos/100/100/?random"
            style={
              Object {
                "height": "200px",
                "transformOrigin": "50% 100%",
                "width": "200px",
              }
            }
          />
        </a>
      </li>
      <li
        className="grid__item"
      >
        <a
          className="grid__link"
          href={null}
          onClick={null}
          style={
            Object {
              "height": "200px",
              "transformStyle": "preserve-3d",
              "width": "200px",
            }
          }
        >
          <div
            className="layer"
            style={
              Object {
                "backgroundColor": "#9eb5c2",
                "height": "200px",
                "transformOrigin": "50% 100%",
                "width": "200px",
              }
            }
          />
          <div
            className="layer"
            style={
              Object {
                "backgroundColor": "#c322a3",
                "height": "200px",
                "transformOrigin": "50% 100%",
                "width": "200px",
              }
            }
          />
          <div
            className="layer"
            style={
              Object {
                "backgroundColor": "#9972fc",
                "height": "200px",
                "transformOrigin": "50% 100%",
                "width": "200px",
              }
            }
          />
          <img
            alt=""
            className="grid__img layer"
            src="https://picsum.photos/200/100/?random"
            style={
              Object {
                "height": "200px",
                "transformOrigin": "50% 100%",
                "width": "200px",
              }
            }
          />
        </a>
      </li>
      <li
        className="grid__item"
      >
        <a
          className="grid__link"
          href={null}
          onClick={null}
          style={
            Object {
              "height": "200px",
              "transformStyle": "preserve-3d",
              "width": "200px",
            }
          }
        >
          <div
            className="layer"
            style={
              Object {
                "backgroundColor": "#9eb5c2",
                "height": "200px",
                "transformOrigin": "50% 100%",
                "width": "200px",
              }
            }
          />
          <div
            className="layer"
            style={
              Object {
                "backgroundColor": "#c322a3",
                "height": "200px",
                "transformOrigin": "50% 100%",
                "width": "200px",
              }
            }
          />
          <div
            className="layer"
            style={
              Object {
                "backgroundColor": "#9972fc",
                "height": "200px",
                "transformOrigin": "50% 100%",
                "width": "200px",
              }
            }
          />
          <img
            alt=""
            className="grid__img layer"
            src="https://picsum.photos/300/200/?random"
            style={
              Object {
                "height": "200px",
                "transformOrigin": "50% 100%",
                "width": "200px",
              }
            }
          />
        </a>
      </li>
      <li
        className="grid__item"
      >
        <a
          className="grid__link"
          href={null}
          onClick={null}
          style={
            Object {
              "height": "200px",
              "transformStyle": "preserve-3d",
              "width": "200px",
            }
          }
        >
          <div
            className="layer"
            style={
              Object {
                "backgroundColor": "#9eb5c2",
                "height": "200px",
                "transformOrigin": "50% 100%",
                "width": "200px",
              }
            }
          />
          <div
            className="layer"
            style={
              Object {
                "backgroundColor": "#c322a3",
                "height": "200px",
                "transformOrigin": "50% 100%",
                "width": "200px",
              }
            }
          />
          <div
            className="layer"
            style={
              Object {
                "backgroundColor": "#9972fc",
                "height": "200px",
                "transformOrigin": "50% 100%",
                "width": "200px",
              }
            }
          />
          <img
            alt=""
            className="grid__img layer"
            src="https://picsum.photos/400/400/?random"
            style={
              Object {
                "height": "200px",
                "transformOrigin": "50% 100%",
                "width": "200px",
              }
            }
          />
        </a>
      </li>
      <li
        className="grid__item"
      >
        <a
          className="grid__link"
          href={null}
          onClick={null}
          style={
            Object {
              "height": "200px",
              "transformStyle": "preserve-3d",
              "width": "200px",
            }
          }
        >
          <div
            className="layer"
            style={
              Object {
                "backgroundColor": "#9eb5c2",
                "height": "200px",
                "transformOrigin": "50% 100%",
                "width": "200px",
              }
            }
          />
          <div
            className="layer"
            style={
              Object {
                "backgroundColor": "#c322a3",
                "height": "200px",
                "transformOrigin": "50% 100%",
                "width": "200px",
              }
            }
          />
          <div
            className="layer"
            style={
              Object {
                "backgroundColor": "#9972fc",
                "height": "200px",
                "transformOrigin": "50% 100%",
                "width": "200px",
              }
            }
          />
          <img
            alt=""
            className="grid__img layer"
            src="https://picsum.photos/500/300/?random"
            style={
              Object {
                "height": "200px",
                "transformOrigin": "50% 100%",
                "width": "200px",
              }
            }
          />
        </a>
      </li>
      <li
        className="grid__item"
      >
        <a
          className="grid__link"
          href={null}
          onClick={null}
          style={
            Object {
              "height": "200px",
              "transformStyle": "preserve-3d",
              "width": "200px",
            }
          }
        >
          <div
            className="layer"
            style={
              Object {
                "backgroundColor": "#9eb5c2",
                "height": "200px",
                "transformOrigin": "50% 100%",
                "width": "200px",
              }
            }
          />
          <div
            className="layer"
            style={
              Object {
                "backgroundColor": "#c322a3",
                "height": "200px",
                "transformOrigin": "50% 100%",
                "width": "200px",
              }
            }
          />
          <div
            className="layer"
            style={
              Object {
                "backgroundColor": "#9972fc",
                "height": "200px",
                "transformOrigin": "50% 100%",
                "width": "200px",
              }
            }
          />
          <img
            alt=""
            className="grid__img layer"
            src="https://picsum.photos/700/500/?random"
            style={
              Object {
                "height": "200px",
                "transformOrigin": "50% 100%",
                "width": "200px",
              }
            }
          />
        </a>
      </li>
      <li
        className="grid__item"
      >
        <a
          className="grid__link"
          href={null}
          onClick={null}
          style={
            Object {
              "height": "200px",
              "transformStyle": "preserve-3d",
              "width": "200px",
            }
          }
        >
          <div
            className="layer"
            style={
              Object {
                "backgroundColor": "#9eb5c2",
                "height": "200px",
                "transformOrigin": "50% 100%",
                "width": "200px",
              }
            }
          />
          <div
            className="layer"
            style={
              Object {
                "backgroundColor": "#c322a3",
                "height": "200px",
                "transformOrigin": "50% 100%",
                "width": "200px",
              }
            }
          />
          <div
            className="layer"
            style={
              Object {
                "backgroundColor": "#9972fc",
                "height": "200px",
                "transformOrigin": "50% 100%",
                "width": "200px",
              }
            }
          />
          <img
            alt=""
            className="grid__img layer"
            src="https://picsum.photos/800/400/?random"
            style={
              Object {
                "height": "200px",
                "transformOrigin": "50% 100%",
                "width": "200px",
              }
            }
          />
        </a>
      </li>
      <li
        className="grid__item"
      >
        <a
          className="grid__link"
          href={null}
          onClick={null}
          style={
            Object {
              "height": "200px",
              "transformStyle": "preserve-3d",
              "width": "200px",
            }
          }
        >
          <div
            className="layer"
            style={
              Object {
                "backgroundColor": "#9eb5c2",
                "height": "200px",
                "transformOrigin": "50% 100%",
                "width": "200px",
              }
            }
          />
          <div
            className="layer"
            style={
              Object {
                "backgroundColor": "#c322a3",
                "height": "200px",
                "transformOrigin": "50% 100%",
                "width": "200px",
              }
            }
          />
          <div
            className="layer"
            style={
              Object {
                "backgroundColor": "#9972fc",
                "height": "200px",
                "transformOrigin": "50% 100%",
                "width": "200px",
              }
            }
          />
          <img
            alt=""
            className="grid__img layer"
            src="https://picsum.photos/100/100/?random"
            style={
              Object {
                "height": "200px",
                "transformOrigin": "50% 100%",
                "width": "200px",
              }
            }
          />
        </a>
      </li>
      <li
        className="grid__item"
      >
        <a
          className="grid__link"
          href={null}
          onClick={null}
          style={
            Object {
              "height": "200px",
              "transformStyle": "preserve-3d",
              "width": "200px",
            }
          }
        >
          <div
            className="layer"
            style={
              Object {
                "backgroundColor": "#9eb5c2",
                "height": "200px",
                "transformOrigin": "50% 100%",
                "width": "200px",
              }
            }
          />
          <div
            className="layer"
            style={
              Object {
                "backgroundColor": "#c322a3",
                "height": "200px",
                "transformOrigin": "50% 100%",
                "width": "200px",
              }
            }
          />
          <div
            className="layer"
            style={
              Object {
                "backgroundColor": "#9972fc",
                "height": "200px",
                "transformOrigin": "50% 100%",
                "width": "200px",
              }
            }
          />
          <img
            alt=""
            className="grid__img layer"
            src="https://picsum.photos/200/100/?random"
            style={
              Object {
                "height": "200px",
                "transformOrigin": "50% 100%",
                "width": "200px",
              }
            }
          />
        </a>
      </li>
    </ul>
  </div>
  <br />
  <form
    action="https://codesandbox.io/api/v1/sandboxes/define"
    id="codesandbox-form"
    method="POST"
  >
    <input
      id="codesandbox-parameters"
      name="parameters"
      type="hidden"
    />
  </form>
  <button
    className="sandboxButton"
    onClick={[Function]}
  >
    PLAY WITH THIS CODE →
  </button>
  <a
    className="sourceLink"
    href="https://github.com/wuweiweiwu/react-isometric-grid/blob/master/examples/storybooks/side-stack.js"
    rel="noopener noreferrer"
    target="_top"
  >
    VIEW SOURCE →
  </a>
</div>
`;

exports[`Storyshots Basics Spread 1`] = `
<div>
  <div
    className="isolayer"
    style={
      Object {
        "height": "500px",
        "width": "800px",
      }
    }
  >
    <ul
      className="grid"
    >
      <li
        className="grid__item"
      >
        <a
          className="grid__link"
          href={null}
          onClick={null}
          style={
            Object {
              "height": "200px",
              "padding": "20px",
              "transformStyle": "flat",
              "width": "200px",
            }
          }
        >
          <img
            alt=""
            className="grid__img layer"
            src="https://picsum.photos/100/100/?random"
            style={
              Object {
                "border": "20px solid #fff",
                "borderWidth": "40px 20px",
                "boxShadow": "-1px 1px 5px rgba(0, 0, 0, 0.1)",
                "height": "200px",
                "width": "200px",
              }
            }
          />
          <img
            alt=""
            className="grid__img layer"
            src="https://picsum.photos/700/500/?random"
            style={
              Object {
                "border": "20px solid #fff",
                "borderWidth": "40px 20px",
                "boxShadow": "-1px 1px 5px rgba(0, 0, 0, 0.1)",
                "height": "200px",
                "width": "200px",
              }
            }
          />
          <img
            alt=""
            className="grid__img layer"
            src="https://picsum.photos/100/100/?random"
            style={
              Object {
                "border": "20px solid #fff",
                "borderWidth": "40px 20px",
                "boxShadow": "-1px 1px 5px rgba(0, 0, 0, 0.1)",
                "height": "200px",
                "width": "200px",
              }
            }
          />
          <img
            alt=""
            className="grid__img layer"
            src="https://picsum.photos/800/400/?random"
            style={
              Object {
                "border": "20px solid #fff",
                "borderWidth": "40px 20px",
                "boxShadow": "-1px 1px 5px rgba(0, 0, 0, 0.1)",
                "height": "200px",
                "width": "200px",
              }
            }
          />
        </a>
      </li>
      <li
        className="grid__item"
      >
        <a
          className="grid__link"
          href={null}
          onClick={null}
          style={
            Object {
              "height": "200px",
              "padding": "20px",
              "transformStyle": "flat",
              "width": "200px",
            }
          }
        >
          <img
            alt=""
            className="grid__img layer"
            src="https://picsum.photos/500/300/?random"
            style={
              Object {
                "border": "20px solid #fff",
                "borderWidth": "40px 20px",
                "boxShadow": "-1px 1px 5px rgba(0, 0, 0, 0.1)",
                "height": "200px",
                "width": "200px",
              }
            }
          />
          <img
            alt=""
            className="grid__img layer"
            src="https://picsum.photos/400/400/?random"
            style={
              Object {
                "border": "20px solid #fff",
                "borderWidth": "40px 20px",
                "boxShadow": "-1px 1px 5px rgba(0, 0, 0, 0.1)",
                "height": "200px",
                "width": "200px",
              }
            }
          />
          <img
            alt=""
            className="grid__img layer"
            src="https://picsum.photos/100/100/?random"
            style={
              Object {
                "border": "20px solid #fff",
                "borderWidth": "40px 20px",
                "boxShadow": "-1px 1px 5px rgba(0, 0, 0, 0.1)",
                "height": "200px",
                "width": "200px",
              }
            }
          />
          <img
            alt=""
            className="grid__img layer"
            src="https://picsum.photos/200/100/?random"
            style={
              Object {
                "border": "20px solid #fff",
                "borderWidth": "40px 20px",
                "boxShadow": "-1px 1px 5px rgba(0, 0, 0, 0.1)",
                "height": "200px",
                "width": "200px",
              }
            }
          />
        </a>
      </li>
      <li
        className="grid__item"
      >
        <a
          className="grid__link"
          href={null}
          onClick={null}
          style={
            Object {
              "height": "200px",
              "padding": "20px",
              "transformStyle": "flat",
              "width": "200px",
            }
          }
        >
          <img
            alt=""
            className="grid__img layer"
            src="https://picsum.photos/100/100/?random"
            style={
              Object {
                "border": "20px solid #fff",
                "borderWidth": "40px 20px",
                "boxShadow": "-1px 1px 5px rgba(0, 0, 0, 0.1)",
                "height": "200px",
                "width": "200px",
              }
            }
          />
          <img
            alt=""
            className="grid__img layer"
            src="https://picsum.photos/100/100/?random"
            style={
              Object {
                "border": "20px solid #fff",
                "borderWidth": "40px 20px",
                "boxShadow": "-1px 1px 5px rgba(0, 0, 0, 0.1)",
                "height": "200px",
                "width": "200px",
              }
            }
          />
          <img
            alt=""
            className="grid__img layer"
            src="https://picsum.photos/500/300/?random"
            style={
              Object {
                "border": "20px solid #fff",
                "borderWidth": "40px 20px",
                "boxShadow": "-1px 1px 5px rgba(0, 0, 0, 0.1)",
                "height": "200px",
                "width": "200px",
              }
            }
          />
          <img
            alt=""
            className="grid__img layer"
            src="https://picsum.photos/800/400/?random"
            style={
              Object {
                "border": "20px solid #fff",
                "borderWidth": "40px 20px",
                "boxShadow": "-1px 1px 5px rgba(0, 0, 0, 0.1)",
                "height": "200px",
                "width": "200px",
              }
            }
          />
        </a>
      </li>
      <li
        className="grid__item"
      >
        <a
          className="grid__link"
          href={null}
          onClick={null}
          style={
            Object {
              "height": "200px",
              "padding": "20px",
              "transformStyle": "flat",
              "width": "200px",
            }
          }
        >
          <img
            alt=""
            className="grid__img layer"
            src="https://picsum.photos/300/200/?random"
            style={
              Object {
                "border": "20px solid #fff",
                "borderWidth": "40px 20px",
                "boxShadow": "-1px 1px 5px rgba(0, 0, 0, 0.1)",
                "height": "200px",
                "width": "200px",
              }
            }
          />
          <img
            alt=""
            className="grid__img layer"
            src="https://picsum.photos/300/200/?random"
            style={
              Object {
                "border": "20px solid #fff",
                "borderWidth": "40px 20px",
                "boxShadow": "-1px 1px 5px rgba(0, 0, 0, 0.1)",
                "height": "200px",
                "width": "200px",
              }
            }
          />
          <img
            alt=""
            className="grid__img layer"
            src="https://picsum.photos/300/200/?random"
            style={
              Object {
                "border": "20px solid #fff",
                "borderWidth": "40px 20px",
                "boxShadow": "-1px 1px 5px rgba(0, 0, 0, 0.1)",
                "height": "200px",
                "width": "200px",
              }
            }
          />
          <img
            alt=""
            className="grid__img layer"
            src="https://picsum.photos/300/200/?random"
            style={
              Object {
                "border": "20px solid #fff",
                "borderWidth": "40px 20px",
                "boxShadow": "-1px 1px 5px rgba(0, 0, 0, 0.1)",
                "height": "200px",
                "width": "200px",
              }
            }
          />
        </a>
      </li>
      <li
        className="grid__item"
      >
        <a
          className="grid__link"
          href={null}
          onClick={null}
          style={
            Object {
              "height": "200px",
              "padding": "20px",
              "transformStyle": "flat",
              "width": "200px",
            }
          }
        >
          <img
            alt=""
            className="grid__img layer"
            src="https://picsum.photos/400/400/?random"
            style={
              Object {
                "border": "20px solid #fff",
                "borderWidth": "40px 20px",
                "boxShadow": "-1px 1px 5px rgba(0, 0, 0, 0.1)",
                "height": "200px",
                "width": "200px",
              }
            }
          />
          <img
            alt=""
            className="grid__img layer"
            src="https://picsum.photos/500/300/?random"
            style={
              Object {
                "border": "20px solid #fff",
                "borderWidth": "40px 20px",
                "boxShadow": "-1px 1px 5px rgba(0, 0, 0, 0.1)",
                "height": "200px",
                "width": "200px",
              }
            }
          />
          <img
            alt=""
            className="grid__img layer"
            src="https://picsum.photos/800/400/?random"
            style={
              Object {
                "border": "20px solid #fff",
                "borderWidth": "40px 20px",
                "boxShadow": "-1px 1px 5px rgba(0, 0, 0, 0.1)",
                "height": "200px",
                "width": "200px",
              }
            }
          />
          <img
            alt=""
            className="grid__img layer"
            src="https://picsum.photos/500/300/?random"
            style={
              Object {
                "border": "20px solid #fff",
                "borderWidth": "40px 20px",
                "boxShadow": "-1px 1px 5px rgba(0, 0, 0, 0.1)",
                "height": "200px",
                "width": "200px",
              }
            }
          />
        </a>
      </li>
      <li
        className="grid__item"
      >
        <a
          className="grid__link"
          href={null}
          onClick={null}
          style={
            Object {
              "height": "200px",
              "padding": "20px",
              "transformStyle": "flat",
              "width": "200px",
            }
          }
        >
          <img
            alt=""
            className="grid__img layer"
            src="https://picsum.photos/500/300/?random"
            style={
              Object {
                "border": "20px solid #fff",
                "borderWidth": "40px 20px",
                "boxShadow": "-1px 1px 5px rgba(0, 0, 0, 0.1)",
                "height": "200px",
                "width": "200px",
              }
            }
          />
          <img
            alt=""
            className="grid__img layer"
            src="https://picsum.photos/500/300/?random"
            style={
              Object {
                "border": "20px solid #fff",
                "borderWidth": "40px 20px",
                "boxShadow": "-1px 1px 5px rgba(0, 0, 0, 0.1)",
                "height": "200px",
                "width": "200px",
              }
            }
          />
          <img
            alt=""
            className="grid__img layer"
            src="https://picsum.photos/700/500/?random"
            style={
              Object {
                "border": "20px solid #fff",
                "borderWidth": "40px 20px",
                "boxShadow": "-1px 1px 5px rgba(0, 0, 0, 0.1)",
                "height": "200px",
                "width": "200px",
              }
            }
          />
          <img
            alt=""
            className="grid__img layer"
            src="https://picsum.photos/300/200/?random"
            style={
              Object {
                "border": "20px solid #fff",
                "borderWidth": "40px 20px",
                "boxShadow": "-1px 1px 5px rgba(0, 0, 0, 0.1)",
                "height": "200px",
                "width": "200px",
              }
            }
          />
        </a>
      </li>
      <li
        className="grid__item"
      >
        <a
          className="grid__link"
          href={null}
          onClick={null}
          style={
            Object {
              "height": "200px",
              "padding": "20px",
              "transformStyle": "flat",
              "width": "200px",
            }
          }
        >
          <img
            alt=""
            className="grid__img layer"
            src="https://picsum.photos/400/400/?random"
            style={
              Object {
                "border": "20px solid #fff",
                "borderWidth": "40px 20px",
                "boxShadow": "-1px 1px 5px rgba(0, 0, 0, 0.1)",
                "height": "200px",
                "width": "200px",
              }
            }
          />
          <img
            alt=""
            className="grid__img layer"
            src="https://picsum.photos/300/200/?random"
            style={
              Object {
                "border": "20px solid #fff",
                "borderWidth": "40px 20px",
                "boxShadow": "-1px 1px 5px rgba(0, 0, 0, 0.1)",
                "height": "200px",
                "width": "200px",
              }
            }
          />
          <img
            alt=""
            className="grid__img layer"
            src="https://picsum.photos/100/100/?random"
            style={
              Object {
                "border": "20px solid #fff",
                "borderWidth": "40px 20px",
                "boxShadow": "-1px 1px 5px rgba(0, 0, 0, 0.1)",
                "height": "200px",
                "width": "200px",
              }
            }
          />
          <img
            alt=""
            className="grid__img layer"
            src="https://picsum.photos/700/500/?random"
            style={
              Object {
                "border": "20px solid #fff",
                "borderWidth": "40px 20px",
                "boxShadow": "-1px 1px 5px rgba(0, 0, 0, 0.1)",
                "height": "200px",
                "width": "200px",
              }
            }
          />
        </a>
      </li>
      <li
        className="grid__item"
      >
        <a
          className="grid__link"
          href={null}
          onClick={null}
          style={
            Object {
              "height": "200px",
              "padding": "20px",
              "transformStyle": "flat",
              "width": "200px",
            }
          }
        >
          <img
            alt=""
            className="grid__img layer"
            src="https://picsum.photos/800/400/?random"
            style={
              Object {
                "border": "20px solid #fff",
                "borderWidth": "40px 20px",
                "boxShadow": "-1px 1px 5px rgba(0, 0, 0, 0.1)",
                "height": "200px",
                "width": "200px",
              }
            }
          />
          <img
            alt=""
            className="grid__img layer"
            src="https://picsum.photos/200/100/?random"
            style={
              Object {
                "border": "20px solid #fff",
                "borderWidth": "40px 20px",
                "boxShadow": "-1px 1px 5px rgba(0, 0, 0, 0.1)",
                "height": "200px",
                "width": "200px",
              }
            }
          />
          <img
            alt=""
            className="grid__img layer"
            src="https://picsum.photos/500/300/?random"
            style={
              Object {
                "border": "20px solid #fff",
                "borderWidth": "40px 20px",
                "boxShadow": "-1px 1px 5px rgba(0, 0, 0, 0.1)",
                "height": "200px",
                "width": "200px",
              }
            }
          />
          <img
            alt=""
            className="grid__img layer"
            src="https://picsum.photos/100/100/?random"
            style={
              Object {
                "border": "20px solid #fff",
                "borderWidth": "40px 20px",
                "boxShadow": "-1px 1px 5px rgba(0, 0, 0, 0.1)",
                "height": "200px",
                "width": "200px",
              }
            }
          />
        </a>
      </li>
    </ul>
  </div>
  <br />
  <form
    action="https://codesandbox.io/api/v1/sandboxes/define"
    id="codesandbox-form"
    method="POST"
  >
    <input
      id="codesandbox-parameters"
      name="parameters"
      type="hidden"
    />
  </form>
  <button
    className="sandboxButton"
    onClick={[Function]}
  >
    PLAY WITH THIS CODE →
  </button>
  <a
    className="sourceLink"
    href="https://github.com/wuweiweiwu/react-isometric-grid/blob/master/examples/storybooks/spread.js"
    rel="noopener noreferrer"
    target="_top"
  >
    VIEW SOURCE →
  </a>
</div>
`;
